T  Building Nuxt for production...
|
•  Nuxt 4.5.2 (with Nitro 2.13.4, Vite 8.3.0 and Vue 3.5.42)
i Nuxt Icon server bundle mode is set to local
[nuxt:icon] √ Nuxt Icon discovered local-installed 1 collections: lucide
|
•  Nitro preset: node-server
i Nuxt Icon client bundle consist of 43 icons with 10.40KB(uncompressed) in size
i Building client...
i vite v8.3.0 building client environment for production...
transforming...
✓ 1475 modules transformed.
rendering chunks...
computing gzip size...
i node_modules/.cache/nuxt/.nuxt/dist/client/manifest.json                          37.29 kB │ gzip:   4.03 kB
node_modules/.cache/nuxt/.nuxt/dist/client/_nuxt/useShellPageTitle.D1yE4cQb.css    0.15 kB │ gzip:   0.13 kB
node_modules/.cache/nuxt/.nuxt/dist/client/_nuxt/VrsusBottomSheet.CVoWUDYi.css     0.35 kB │ gzip:   0.15 kB
node_modules/.cache/nuxt/.nuxt/dist/client/_nuxt/error-500.Bwd7zAaE.css            1.90 kB │ gzip:   0.72 kB
node_modules/.cache/nuxt/.nuxt/dist/client/_nuxt/Matches.D_dvrzfk.css              1.94 kB │ gzip:   0.64 kB
node_modules/.cache/nuxt/.nuxt/dist/client/_nuxt/error-404.Bb87HomL.css            2.42 kB │ gzip:   0.85 kB
node_modules/.cache/nuxt/.nuxt/dist/client/_nuxt/entry.Cqu2ESyN.css              257.94 kB │ gzip:  34.74 kB
node_modules/.cache/nuxt/.nuxt/dist/client/_nuxt/CNs_Ozdc.js                       0.02 kB │ gzip:   0.04 kB
node_modules/.cache/nuxt/.nuxt/dist/client/_nuxt/BmJeWqdm.js                       0.07 kB │ gzip:   0.09 kB
node_modules/.cache/nuxt/.nuxt/dist/client/_nuxt/CjCtwKx-.js                       0.12 kB │ gzip:   0.12 kB
node_modules/.cache/nuxt/.nuxt/dist/client/_nuxt/DF5Lj-Rm.js                       0.14 kB │ gzip:   0.14 kB
node_modules/.cache/nuxt/.nuxt/dist/client/_nuxt/DoT83oVM.js                       0.19 kB │ gzip:   0.17 kB
node_modules/.cache/nuxt/.nuxt/dist/client/_nuxt/D_Wt5N6X.js                       0.20 kB │ gzip:   0.18 kB
node_modules/.cache/nuxt/.nuxt/dist/client/_nuxt/CzMlUp8J.js                       0.34 kB │ gzip:   0.24 kB
node_modules/.cache/nuxt/.nuxt/dist/client/_nuxt/jZBbZ3Be.js                       0.35 kB │ gzip:   0.26 kB
node_modules/.cache/nuxt/.nuxt/dist/client/_nuxt/BC1LWj-_.js                       0.42 kB │ gzip:   0.31 kB
node_modules/.cache/nuxt/.nuxt/dist/client/_nuxt/DJrCed8-.js                       0.60 kB │ gzip:   0.39 kB
node_modules/.cache/nuxt/.nuxt/dist/client/_nuxt/BN7zZmmL.js                       0.61 kB │ gzip:   0.41 kB
node_modules/.cache/nuxt/.nuxt/dist/client/_nuxt/hePW80VL.js                       0.71 kB │ gzip:   0.42 kB
node_modules/.cache/nuxt/.nuxt/dist/client/_nuxt/DJgtfBNP.js                       0.95 kB │ gzip:   0.48 kB
node_modules/.cache/nuxt/.nuxt/dist/client/_nuxt/CtagEYPf.js                       0.96 kB │ gzip:   0.58 kB
node_modules/.cache/nuxt/.nuxt/dist/client/_nuxt/CUGtJFwE.js                       1.03 kB │ gzip:   0.48 kB
node_modules/.cache/nuxt/.nuxt/dist/client/_nuxt/DTitk2_d.js                       1.14 kB │ gzip:   0.71 kB
node_modules/.cache/nuxt/.nuxt/dist/client/_nuxt/DiWAlgVx.js                       1.18 kB │ gzip:   0.69 kB
node_modules/.cache/nuxt/.nuxt/dist/client/_nuxt/CXeRnmMc.js                       1.23 kB │ gzip:   0.59 kB
node_modules/.cache/nuxt/.nuxt/dist/client/_nuxt/2gZrK6qE.js                       1.27 kB │ gzip:   0.74 kB
node_modules/.cache/nuxt/.nuxt/dist/client/_nuxt/D6G_po9J.js                       1.30 kB │ gzip:   0.73 kB
node_modules/.cache/nuxt/.nuxt/dist/client/_nuxt/C2nJFWN0.js                       1.40 kB │ gzip:   0.56 kB
node_modules/.cache/nuxt/.nuxt/dist/client/_nuxt/GRtQu1Mq.js                       1.40 kB │ gzip:   0.64 kB
node_modules/.cache/nuxt/.nuxt/dist/client/_nuxt/DUhbMyLn.js                       1.42 kB │ gzip:   0.59 kB
node_modules/.cache/nuxt/.nuxt/dist/client/_nuxt/0GI353v5.js                       1.57 kB │ gzip:   0.91 kB
node_modules/.cache/nuxt/.nuxt/dist/client/_nuxt/CasugtIh.js                       1.59 kB │ gzip:   0.85 kB
node_modules/.cache/nuxt/.nuxt/dist/client/_nuxt/XljrKnA3.js                       1.67 kB │ gzip:   0.83 kB
node_modules/.cache/nuxt/.nuxt/dist/client/_nuxt/CoH41FMZ.js                       1.79 kB │ gzip:   0.91 kB
node_modules/.cache/nuxt/.nuxt/dist/client/_nuxt/Bv8Jrrzk.js                       1.84 kB │ gzip:   0.99 kB
node_modules/.cache/nuxt/.nuxt/dist/client/_nuxt/BaHYGd7q.js                       2.06 kB │ gzip:   0.79 kB
node_modules/.cache/nuxt/.nuxt/dist/client/_nuxt/Cvt4RGAs.js                       2.17 kB │ gzip:   1.19 kB
node_modules/.cache/nuxt/.nuxt/dist/client/_nuxt/BA1aVSCA.js                       2.32 kB │ gzip:   1.20 kB
node_modules/.cache/nuxt/.nuxt/dist/client/_nuxt/CWOispy7.js                       2.32 kB │ gzip:   1.25 kB
node_modules/.cache/nuxt/.nuxt/dist/client/_nuxt/Ddoe26kG.js                       2.33 kB │ gzip:   1.22 kB
node_modules/.cache/nuxt/.nuxt/dist/client/_nuxt/C6v-f-Hf.js                       2.36 kB │ gzip:   1.11 kB
node_modules/.cache/nuxt/.nuxt/dist/client/_nuxt/D4LvNVtb.js                       2.58 kB │ gzip:   1.31 kB
node_modules/.cache/nuxt/.nuxt/dist/client/_nuxt/D9mBXVJ0.js                       2.67 kB │ gzip:   1.41 kB
node_modules/.cache/nuxt/.nuxt/dist/client/_nuxt/C1Q150qG.js                       2.72 kB │ gzip:   1.35 kB
node_modules/.cache/nuxt/.nuxt/dist/client/_nuxt/DSk8ZEh0.js                       2.80 kB │ gzip:   1.43 kB
node_modules/.cache/nuxt/.nuxt/dist/client/_nuxt/CWVTyAFL.js                       2.94 kB │ gzip:   1.51 kB
node_modules/.cache/nuxt/.nuxt/dist/client/_nuxt/BgmGk2IG.js                       2.96 kB │ gzip:   1.50 kB
node_modules/.cache/nuxt/.nuxt/dist/client/_nuxt/Bjrxb5GF.js                       3.00 kB │ gzip:   1.40 kB
node_modules/.cache/nuxt/.nuxt/dist/client/_nuxt/DD_4MNp1.js                       3.04 kB │ gzip:   1.61 kB
node_modules/.cache/nuxt/.nuxt/dist/client/_nuxt/CGdCeKws.js                       3.05 kB │ gzip:   1.52 kB
node_modules/.cache/nuxt/.nuxt/dist/client/_nuxt/CRRDwMOc.js                       3.14 kB │ gzip:   1.24 kB
node_modules/.cache/nuxt/.nuxt/dist/client/_nuxt/CkYq6wFn.js                       3.31 kB │ gzip:   1.73 kB
node_modules/.cache/nuxt/.nuxt/dist/client/_nuxt/a3VihMrd.js                       3.36 kB │ gzip:   1.65 kB
node_modules/.cache/nuxt/.nuxt/dist/client/_nuxt/DFApdnqr.js                       3.37 kB │ gzip:   1.53 kB
node_modules/.cache/nuxt/.nuxt/dist/client/_nuxt/DD0sKBb1.js                       3.38 kB │ gzip:   1.55 kB
node_modules/.cache/nuxt/.nuxt/dist/client/_nuxt/gTJNvZw9.js                       3.70 kB │ gzip:   1.68 kB
node_modules/.cache/nuxt/.nuxt/dist/client/_nuxt/CxFEFMzz.js                       3.73 kB │ gzip:   1.61 kB
node_modules/.cache/nuxt/.nuxt/dist/client/_nuxt/BpQjCV95.js                       3.91 kB │ gzip:   1.77 kB
node_modules/.cache/nuxt/.nuxt/dist/client/_nuxt/BXNGH6fn.js                       4.24 kB │ gzip:   1.58 kB
node_modules/.cache/nuxt/.nuxt/dist/client/_nuxt/61sRtVDQ.js                       4.39 kB │ gzip:   1.93 kB
node_modules/.cache/nuxt/.nuxt/dist/client/_nuxt/CWt1m_eY.js                       4.79 kB │ gzip:   2.16 kB
node_modules/.cache/nuxt/.nuxt/dist/client/_nuxt/EQ6EC00l.js                       4.96 kB │ gzip:   2.01 kB
node_modules/.cache/nuxt/.nuxt/dist/client/_nuxt/z0r6lvmS.js                       5.24 kB │ gzip:   2.31 kB
node_modules/.cache/nuxt/.nuxt/dist/client/_nuxt/Dmb3JgnS.js                       5.30 kB │ gzip:   2.40 kB
node_modules/.cache/nuxt/.nuxt/dist/client/_nuxt/Bd17z0YL.js                       5.65 kB │ gzip:   2.20 kB
node_modules/.cache/nuxt/.nuxt/dist/client/_nuxt/C186X_vL.js                       5.72 kB │ gzip:   1.59 kB
node_modules/.cache/nuxt/.nuxt/dist/client/_nuxt/DH5Wgm8b.js                       5.77 kB │ gzip:   2.63 kB
node_modules/.cache/nuxt/.nuxt/dist/client/_nuxt/DFLHROMr.js                       5.86 kB │ gzip:   2.72 kB
node_modules/.cache/nuxt/.nuxt/dist/client/_nuxt/CrlgyhTw.js                       5.91 kB │ gzip:   2.44 kB
node_modules/.cache/nuxt/.nuxt/dist/client/_nuxt/Bv1MNwU4.js                       6.26 kB │ gzip:   2.56 kB
node_modules/.cache/nuxt/.nuxt/dist/client/_nuxt/C9SLBSRi.js                       6.32 kB │ gzip:   2.58 kB
node_modules/.cache/nuxt/.nuxt/dist/client/_nuxt/BHsi6Sqo.js                       6.83 kB │ gzip:   2.45 kB
node_modules/.cache/nuxt/.nuxt/dist/client/_nuxt/B6Te6ztT.js                       6.91 kB │ gzip:   2.87 kB
node_modules/.cache/nuxt/.nuxt/dist/client/_nuxt/Bz3mMhrG.js                       7.20 kB │ gzip:   2.78 kB
node_modules/.cache/nuxt/.nuxt/dist/client/_nuxt/C1iBUov6.js                       7.28 kB │ gzip:   2.82 kB
node_modules/.cache/nuxt/.nuxt/dist/client/_nuxt/BFKnqLyS.js                       7.33 kB │ gzip:   2.92 kB
node_modules/.cache/nuxt/.nuxt/dist/client/_nuxt/D3EdKmz_.js                       7.57 kB │ gzip:   2.97 kB
node_modules/.cache/nuxt/.nuxt/dist/client/_nuxt/BwyJKDZq.js                       7.62 kB │ gzip:   2.60 kB
node_modules/.cache/nuxt/.nuxt/dist/client/_nuxt/Dlr1iAEE.js                       7.73 kB │ gzip:   2.57 kB
node_modules/.cache/nuxt/.nuxt/dist/client/_nuxt/DMCl0uhF.js                       7.91 kB │ gzip:   3.14 kB
node_modules/.cache/nuxt/.nuxt/dist/client/_nuxt/DQzjtFR7.js                       8.12 kB │ gzip:   3.41 kB
node_modules/.cache/nuxt/.nuxt/dist/client/_nuxt/CuJIswtD.js                       8.12 kB │ gzip:   3.37 kB
node_modules/.cache/nuxt/.nuxt/dist/client/_nuxt/Dk-54hH9.js                       8.33 kB │ gzip:   3.40 kB
node_modules/.cache/nuxt/.nuxt/dist/client/_nuxt/KWVHRHCr.js                       8.57 kB │ gzip:   3.48 kB
node_modules/.cache/nuxt/.nuxt/dist/client/_nuxt/BEv1e0h5.js                       8.62 kB │ gzip:   3.24 kB
node_modules/.cache/nuxt/.nuxt/dist/client/_nuxt/Cy_Jis5E.js                       8.67 kB │ gzip:   3.37 kB
node_modules/.cache/nuxt/.nuxt/dist/client/_nuxt/DJqh4QE2.js                       8.71 kB │ gzip:   3.05 kB
node_modules/.cache/nuxt/.nuxt/dist/client/_nuxt/m-buIxNv.js                       8.79 kB │ gzip:   3.73 kB
node_modules/.cache/nuxt/.nuxt/dist/client/_nuxt/DH7puaT_.js                       8.85 kB │ gzip:   2.84 kB
node_modules/.cache/nuxt/.nuxt/dist/client/_nuxt/CdBQALGC.js                       9.15 kB │ gzip:   3.75 kB
node_modules/.cache/nuxt/.nuxt/dist/client/_nuxt/BYiRVkOh.js                       9.36 kB │ gzip:   2.68 kB
node_modules/.cache/nuxt/.nuxt/dist/client/_nuxt/GmTt2Lmr.js                       9.54 kB │ gzip:   3.99 kB
node_modules/.cache/nuxt/.nuxt/dist/client/_nuxt/KiXykk8V.js                       9.88 kB │ gzip:   3.99 kB
node_modules/.cache/nuxt/.nuxt/dist/client/_nuxt/BqAgWrbN.js                       9.96 kB │ gzip:   2.87 kB
node_modules/.cache/nuxt/.nuxt/dist/client/_nuxt/etUjNRoc.js                      10.00 kB │ gzip:   3.78 kB
node_modules/.cache/nuxt/.nuxt/dist/client/_nuxt/DlAYxVS9.js                      10.55 kB │ gzip:   3.78 kB
node_modules/.cache/nuxt/.nuxt/dist/client/_nuxt/CXQp4fBR.js                      10.73 kB │ gzip:   4.56 kB
node_modules/.cache/nuxt/.nuxt/dist/client/_nuxt/BuprwHYZ.js                      10.76 kB │ gzip:   4.05 kB
node_modules/.cache/nuxt/.nuxt/dist/client/_nuxt/CEuqtOg6.js                      10.93 kB │ gzip:   4.18 kB
node_modules/.cache/nuxt/.nuxt/dist/client/_nuxt/CK-dVFyo.js                      11.31 kB │ gzip:   3.54 kB
node_modules/.cache/nuxt/.nuxt/dist/client/_nuxt/5i7wlXQL.js                      11.36 kB │ gzip:   4.41 kB
node_modules/.cache/nuxt/.nuxt/dist/client/_nuxt/DonJNqUT.js                      12.15 kB │ gzip:   4.43 kB
node_modules/.cache/nuxt/.nuxt/dist/client/_nuxt/C1ZIjrEu.js                      13.21 kB │ gzip:   4.76 kB
node_modules/.cache/nuxt/.nuxt/dist/client/_nuxt/B5wTv_Pw.js                      14.60 kB │ gzip:   4.95 kB
node_modules/.cache/nuxt/.nuxt/dist/client/_nuxt/BZCAkoXw.js                      17.73 kB │ gzip:   5.68 kB
node_modules/.cache/nuxt/.nuxt/dist/client/_nuxt/BpY8zjAw.js                      19.80 kB │ gzip:   5.11 kB
node_modules/.cache/nuxt/.nuxt/dist/client/_nuxt/vE8CZ0Ka.js                      20.42 kB │ gzip:   6.75 kB
node_modules/.cache/nuxt/.nuxt/dist/client/_nuxt/Bg5Rrabz.js                      23.45 kB │ gzip:   8.85 kB
node_modules/.cache/nuxt/.nuxt/dist/client/_nuxt/CmVf2NVP.js                      26.77 kB │ gzip:   6.62 kB
node_modules/.cache/nuxt/.nuxt/dist/client/_nuxt/DkcAgy4-.js                      31.50 kB │ gzip:  10.03 kB
node_modules/.cache/nuxt/.nuxt/dist/client/_nuxt/Bbu8Z9vb.js                      32.34 kB │ gzip:  12.65 kB
node_modules/.cache/nuxt/.nuxt/dist/client/_nuxt/Dp690Rmc.js                      53.32 kB │ gzip:  17.55 kB
node_modules/.cache/nuxt/.nuxt/dist/client/_nuxt/Dt--vW3m.js                      82.24 kB │ gzip:  24.93 kB
node_modules/.cache/nuxt/.nuxt/dist/client/_nuxt/D8CMvmGZ.js                      94.48 kB │ gzip:  36.71 kB
node_modules/.cache/nuxt/.nuxt/dist/client/_nuxt/LaVKEeZn.js                     381.43 kB │ gzip: 112.86 kB
node_modules/.cache/nuxt/.nuxt/dist/client/_nuxt/6mZTTw7n.js                     435.65 kB │ gzip: 115.11 kB

i ✓ built in 3.14s

 WARN  [PLUGIN_TIMINGS] Plugin hooks ran for 3.0s of this 3.1s build (94%).
4 hooks are listed without a time. Their calls overlapped, so the time inside one call includes work from other calls. To find their cost, profile the build with node --cpu-prof:
  - nuxt:ssr-styles:client resolveId (338 calls)
  - nuxt:resolve-bare-imports resolveId (12 calls)
  - nuxt:fonts:font-family-injection transform (7 calls)
  … and 1 more
See https://rolldown.rs/reference/InputOptions.checks#plugintimings for more details.


√ Client built in 3165ms
i Building server...
i vite v8.3.0 building ssr environment for production...
transforming...
✓ 1009 modules transformed.
rendering chunks...
i node_modules/.cache/nuxt/.nuxt/dist/server/_nuxt/Bracket-styles.P-W5ODsA.mjs                  0.08 kB
node_modules/.cache/nuxt/.nuxt/dist/server/_nuxt/error-404-styles.CbLQIMfl.mjs                0.08 kB
node_modules/.cache/nuxt/.nuxt/dist/server/_nuxt/error-500-styles.CB5z51D_.mjs                0.08 kB
node_modules/.cache/nuxt/.nuxt/dist/server/_nuxt/VrsusFloatMenu-styles.Coum2MXZ.mjs           0.09 kB
node_modules/.cache/nuxt/.nuxt/dist/server/_nuxt/VrsusBottomSheet-styles.Cna1nNWS.mjs         0.09 kB
node_modules/.cache/nuxt/.nuxt/dist/server/styles.mjs                                         0.69 kB
node_modules/.cache/nuxt/.nuxt/dist/server/_nuxt/ready-l0JgM5sZ.js                            0.04 kB
node_modules/.cache/nuxt/.nuxt/dist/server/_nuxt/pages-D87rrnFv.js                            0.22 kB │ map:   1.64 kB
node_modules/.cache/nuxt/.nuxt/dist/server/_nuxt/useSupabaseClient-DzUCflBm.js                0.31 kB │ map:   0.37 kB
node_modules/.cache/nuxt/.nuxt/dist/server/_nuxt/auth-CQnkkzEm.js                             0.47 kB │ map:   0.55 kB
node_modules/.cache/nuxt/.nuxt/dist/server/_nuxt/slugify-DAiRO8_2.js                          0.52 kB │ map:   0.80 kB
node_modules/.cache/nuxt/.nuxt/dist/server/_nuxt/VrsusFloatMenu-styles-1.mjs-BniSTLIE.js      0.54 kB │ map:   1.89 kB
node_modules/.cache/nuxt/.nuxt/dist/server/_nuxt/VrsusBottomSheet-styles-1.mjs-BYNaF9X7.js    0.74 kB │ map:   3.49 kB
node_modules/.cache/nuxt/.nuxt/dist/server/_nuxt/useAdminLiveEvent-BAL7PsiL.js                0.92 kB │ map:   1.22 kB
node_modules/.cache/nuxt/.nuxt/dist/server/_nuxt/usePageActions-ce69fQjo.js                   0.93 kB │ map:   2.07 kB
node_modules/.cache/nuxt/.nuxt/dist/server/_nuxt/role-Dfpfgy2t.js                             0.94 kB │ map:   1.19 kB
node_modules/.cache/nuxt/.nuxt/dist/server/_nuxt/VrsusLiveDot-UnlGjkw6.js                     1.39 kB │ map:   1.38 kB
node_modules/.cache/nuxt/.nuxt/dist/server/_nuxt/SectionHeading-BOHf8f4N.js                   1.70 kB │ map:   1.67 kB
node_modules/.cache/nuxt/.nuxt/dist/server/_nuxt/useAdminMenu-DyjzyZ5Z.js                     1.79 kB │ map:   4.07 kB
node_modules/.cache/nuxt/.nuxt/dist/server/_nuxt/useVrsusAuth-B4ukFxpz.js                     1.83 kB │ map:   3.39 kB
node_modules/.cache/nuxt/.nuxt/dist/server/_nuxt/useForwardExpose-lTVrimVg.js                 1.84 kB │ map:   3.33 kB
node_modules/.cache/nuxt/.nuxt/dist/server/_nuxt/error-500-styles-1.mjs-DmnddYjN.js           2.30 kB │ map:   5.12 kB
node_modules/.cache/nuxt/.nuxt/dist/server/_nuxt/Bracket-styles-1.mjs-C3OUtUIy.js             2.30 kB │ map:   6.68 kB
node_modules/.cache/nuxt/.nuxt/dist/server/_nuxt/usePublicCatalog-DlnapNi1.js                 2.34 kB │ map:   4.99 kB
node_modules/.cache/nuxt/.nuxt/dist/server/_nuxt/regolamento-DQFx7ZN7.js                      2.34 kB │ map:   2.75 kB
node_modules/.cache/nuxt/.nuxt/dist/server/_nuxt/usePublicEvents-D_Ng8Zt8.js                  2.36 kB │ map:   6.24 kB
node_modules/.cache/nuxt/.nuxt/dist/server/_nuxt/offline-JeM4O_M5.js                          2.40 kB │ map:   2.78 kB
node_modules/.cache/nuxt/.nuxt/dist/server/_nuxt/useBookings-DSQaI0F_.js                      2.49 kB │ map:   5.31 kB
node_modules/.cache/nuxt/.nuxt/dist/server/_nuxt/VrsusTabs-CxZL1KpX.js                        2.57 kB │ map:   4.22 kB
node_modules/.cache/nuxt/.nuxt/dist/server/_nuxt/VrsusSessionCard-Cu_mFPSE.js                 2.59 kB │ map:   3.38 kB
node_modules/.cache/nuxt/.nuxt/dist/server/_nuxt/Icon-EERFY84t.js                             2.76 kB │ map:   3.18 kB
node_modules/.cache/nuxt/.nuxt/dist/server/_nuxt/error-404-styles-1.mjs-C-j5XbVV.js           2.83 kB │ map:   5.77 kB
node_modules/.cache/nuxt/.nuxt/dist/server/_nuxt/confirm-oP6ncSd_.js                          3.04 kB │ map:   8.13 kB
node_modules/.cache/nuxt/.nuxt/dist/server/_nuxt/VrsusConfirmDialog-D7nk9QSP.js               3.18 kB │ map:   5.97 kB
node_modules/.cache/nuxt/.nuxt/dist/server/_nuxt/AssetUploader-_In0ML-V.js                    3.28 kB │ map:   7.49 kB
node_modules/.cache/nuxt/.nuxt/dist/server/_nuxt/chi-siamo-B86lPlr3.js                        3.30 kB │ map:   4.93 kB
node_modules/.cache/nuxt/.nuxt/dist/server/_nuxt/VrsusBottomSheet-Bv9zSbXG.js                 3.62 kB │ map:   7.29 kB
node_modules/.cache/nuxt/.nuxt/dist/server/_nuxt/useTournaments-BDjRYSn3.js                   3.71 kB │ map:   6.80 kB
node_modules/.cache/nuxt/.nuxt/dist/server/_nuxt/VrsusWorkspaceSwitch-DPF8R_Y3.js             3.83 kB │ map:   5.11 kB
node_modules/.cache/nuxt/.nuxt/dist/server/_nuxt/altro-DY2IAYGh.js                            3.95 kB │ map:   5.64 kB
node_modules/.cache/nuxt/.nuxt/dist/server/_nuxt/admin-B1rwMLmK.js                            4.06 kB │ map:   6.83 kB
node_modules/.cache/nuxt/.nuxt/dist/server/_nuxt/error-500-yzKr03IM.js                        4.32 kB │ map:   5.45 kB
node_modules/.cache/nuxt/.nuxt/dist/server/_nuxt/_token_-SQIovUPd.js                          4.35 kB │ map:   4.22 kB
node_modules/.cache/nuxt/.nuxt/dist/server/_nuxt/error-404-D41T2t4P.js                        5.03 kB │ map:   6.25 kB
node_modules/.cache/nuxt/.nuxt/dist/server/_nuxt/fetch-6qlOO5vW.js                            5.09 kB │ map:   9.36 kB
node_modules/.cache/nuxt/.nuxt/dist/server/_nuxt/useTournamentView-DhugVEX5.js                5.30 kB │ map:  10.14 kB
node_modules/.cache/nuxt/.nuxt/dist/server/_nuxt/servizi-DkIZAUAa.js                          5.38 kB │ map:   7.44 kB
node_modules/.cache/nuxt/.nuxt/dist/server/_nuxt/nuovo-CmR6dOWY.js                            5.44 kB │ map:   9.40 kB
node_modules/.cache/nuxt/.nuxt/dist/server/_nuxt/_slug_-CJZuDwJG.js                           5.79 kB │ map:  10.79 kB
node_modules/.cache/nuxt/.nuxt/dist/server/_nuxt/Card-A6830xF5.js                             6.18 kB │ map:   6.24 kB
node_modules/.cache/nuxt/.nuxt/dist/server/_nuxt/admin-BuoGY8rX.js                            6.25 kB │ map:  11.84 kB
node_modules/.cache/nuxt/.nuxt/dist/server/_nuxt/eventi-D-uDE5JE.js                           6.42 kB │ map:  10.31 kB
node_modules/.cache/nuxt/.nuxt/dist/server/_nuxt/_id_-G6IVCdj-.js                             6.46 kB │ map:  11.73 kB
node_modules/.cache/nuxt/.nuxt/dist/server/_nuxt/eventi-Q0fJuEST.js                           6.51 kB │ map:   8.77 kB
node_modules/.cache/nuxt/.nuxt/dist/server/_nuxt/site-BtbVc-MP.js                             6.63 kB │ map:  12.36 kB
node_modules/.cache/nuxt/.nuxt/dist/server/_nuxt/postazioni-B-lW-Na1.js                       7.09 kB │ map:   9.31 kB
node_modules/.cache/nuxt/.nuxt/dist/server/_nuxt/nuxt-V2rJa8p8.js                             8.65 kB │ map:  24.07 kB
node_modules/.cache/nuxt/.nuxt/dist/server/_nuxt/utenti-Dg_7t5GN.js                           8.78 kB │ map:  11.20 kB
node_modules/.cache/nuxt/.nuxt/dist/server/_nuxt/nuxt-link-Q8-BP6tu.js                        9.36 kB │ map:  21.37 kB
node_modules/.cache/nuxt/.nuxt/dist/server/_nuxt/live-ecjTMUKR.js                             9.44 kB │ map:  18.91 kB
node_modules/.cache/nuxt/.nuxt/dist/server/_nuxt/app-CJ_COeNx.js                              9.62 kB │ map:  23.26 kB
node_modules/.cache/nuxt/.nuxt/dist/server/_nuxt/login-B1IO5MGy.js                            9.72 kB │ map:  10.03 kB
node_modules/.cache/nuxt/.nuxt/dist/server/_nuxt/Badge-foZTxab4.js                           11.13 kB │ map:  16.15 kB
node_modules/.cache/nuxt/.nuxt/dist/server/_nuxt/impostazioni-BcWkuY5O.js                    11.30 kB │ map:  20.85 kB
node_modules/.cache/nuxt/.nuxt/dist/server/_nuxt/FormField-e0WfVW_Y.js                       11.51 kB │ map:  14.07 kB
node_modules/.cache/nuxt/.nuxt/dist/server/_nuxt/ranking-D8uC-0ys.js                         12.35 kB │ map:  29.47 kB
node_modules/.cache/nuxt/.nuxt/dist/server/_nuxt/eventi-Dkv0EUvp.js                          12.48 kB │ map:  21.13 kB
node_modules/.cache/nuxt/.nuxt/dist/server/_nuxt/_slug_-Blpq2Y69.js                          12.77 kB │ map:  19.81 kB
node_modules/.cache/nuxt/.nuxt/dist/server/_nuxt/VisuallyHidden-DwqekHr9.js                  13.36 kB │ map:  25.57 kB
node_modules/.cache/nuxt/.nuxt/dist/server/_nuxt/pages-CTXVUcm8.js                           13.37 kB │ map:  28.06 kB
node_modules/.cache/nuxt/.nuxt/dist/server/_nuxt/ranking-DNPBXew4.js                         13.51 kB │ map:  15.42 kB
node_modules/.cache/nuxt/.nuxt/dist/server/_nuxt/richieste-JR4Bm9vc.js                       13.58 kB │ map:  19.02 kB
node_modules/.cache/nuxt/.nuxt/dist/server/_nuxt/_slug_-DAxsu_VW.js                          13.91 kB │ map:  29.04 kB
node_modules/.cache/nuxt/.nuxt/dist/server/_nuxt/notifiche-DJ_tVaeP.js                       14.06 kB │ map:  24.44 kB
node_modules/.cache/nuxt/.nuxt/dist/server/_nuxt/checkin-DEZfchOj.js                         14.07 kB │ map:  23.05 kB
node_modules/.cache/nuxt/.nuxt/dist/server/_nuxt/app-CiiCVBf3.js                             14.16 kB │ map:  33.99 kB
node_modules/.cache/nuxt/.nuxt/dist/server/_nuxt/useShellPageTitle-BNI62qay.js               14.67 kB │ map:  22.72 kB
node_modules/.cache/nuxt/.nuxt/dist/server/_nuxt/piattaforme-CvgVb8lS.js                     14.78 kB │ map:  23.72 kB
node_modules/.cache/nuxt/.nuxt/dist/server/_nuxt/_id_-DA8EUTJ5.js                            15.31 kB │ map:  30.95 kB
node_modules/.cache/nuxt/.nuxt/dist/server/_nuxt/prenota-k5TPj-bp.js                         15.68 kB │ map:  31.95 kB
node_modules/.cache/nuxt/.nuxt/dist/server/_nuxt/bacheca-x5Q38DQX.js                         15.78 kB │ map:  31.65 kB
node_modules/.cache/nuxt/.nuxt/dist/server/_nuxt/_id_-CXOEtGQJ.js                            16.09 kB │ map:  31.33 kB
node_modules/.cache/nuxt/.nuxt/dist/server/_nuxt/NuxtImg-B6DMQLOD.js                         17.17 kB │ map:  31.71 kB
node_modules/.cache/nuxt/.nuxt/dist/server/_nuxt/EventInfoForm-Cm3CNMuC.js                   17.49 kB │ map:  22.55 kB
node_modules/.cache/nuxt/.nuxt/dist/server/_nuxt/Input-DC9m6coq.js                           17.56 kB │ map:  25.52 kB
node_modules/.cache/nuxt/.nuxt/dist/server/_nuxt/giochi-CYRK52E1.js                          17.87 kB │ map:  28.86 kB
node_modules/.cache/nuxt/.nuxt/dist/server/_nuxt/Textarea-PJqaCqHX.js                        18.62 kB │ map:  27.19 kB
node_modules/.cache/nuxt/.nuxt/dist/server/_nuxt/Alert-Dd1ICA1N.js                           18.97 kB │ map:  27.04 kB
node_modules/.cache/nuxt/.nuxt/dist/server/_nuxt/modifica-DSNokd1g.js                        18.98 kB │ map:  42.31 kB
node_modules/.cache/nuxt/.nuxt/dist/server/_nuxt/_id_-BJHRTYzt.js                            19.28 kB │ map:  43.49 kB
node_modules/.cache/nuxt/.nuxt/dist/server/_nuxt/tornei-0KtePWFI.js                          19.55 kB │ map:  36.80 kB
node_modules/.cache/nuxt/.nuxt/dist/server/_nuxt/nuovo-BG0Tnrzq.js                           19.67 kB │ map:  30.84 kB
node_modules/.cache/nuxt/.nuxt/dist/server/_nuxt/live-CBstaeuE.js                            20.06 kB │ map:  49.02 kB
node_modules/.cache/nuxt/.nuxt/dist/server/_nuxt/impostazioni-Co_BtNAe.js                    21.12 kB │ map:  31.27 kB
node_modules/.cache/nuxt/.nuxt/dist/server/_nuxt/servizi-C4oYOs9S.js                         21.65 kB │ map:  28.69 kB
node_modules/.cache/nuxt/.nuxt/dist/server/_nuxt/_id_-lcrkv744.js                            21.79 kB │ map:  34.35 kB
node_modules/.cache/nuxt/.nuxt/dist/server/_nuxt/_rankId_-9WCyw1Gi.js                        23.76 kB │ map:  44.83 kB
node_modules/.cache/nuxt/.nuxt/dist/server/_nuxt/_id_-CQwSUNK9.js                            25.57 kB │ map:  44.41 kB
node_modules/.cache/nuxt/.nuxt/dist/server/_nuxt/tornei-CdmawUir.js                          25.85 kB │ map:  42.94 kB
node_modules/.cache/nuxt/.nuxt/dist/server/_nuxt/_id_-BHkZYNhv.js                            26.42 kB │ map:  46.08 kB
node_modules/.cache/nuxt/.nuxt/dist/server/_nuxt/TournamentRulesFields-9Zy4m1TA.js           26.59 kB │ map:  40.27 kB
node_modules/.cache/nuxt/.nuxt/dist/server/_nuxt/EventOverview-CzawS2HL.js                   28.34 kB │ map:  62.79 kB
node_modules/.cache/nuxt/.nuxt/dist/server/_nuxt/Avatar-kfzuNnmW.js                          28.77 kB │ map:  46.35 kB
node_modules/.cache/nuxt/.nuxt/dist/server/_nuxt/components-I-IzjZPA.js                      34.85 kB │ map:  73.50 kB
node_modules/.cache/nuxt/.nuxt/dist/server/_nuxt/registrati-C5s_iHXU.js                      34.97 kB │ map:  44.96 kB
node_modules/.cache/nuxt/.nuxt/dist/server/_nuxt/Matches-Cixw3KqW.js                         38.13 kB │ map:  81.93 kB
node_modules/.cache/nuxt/.nuxt/dist/server/_nuxt/_id_-DXg81mTI.js                            38.64 kB │ map:  84.88 kB
node_modules/.cache/nuxt/.nuxt/dist/server/_nuxt/Checkbox-DNUvxdgx.js                        41.45 kB │ map:  77.98 kB
node_modules/.cache/nuxt/.nuxt/dist/server/_nuxt/Button-DAWIbJcp.js                          47.05 kB │ map:  60.75 kB
node_modules/.cache/nuxt/.nuxt/dist/server/server.mjs                                        83.58 kB │ map: 655.67 kB
node_modules/.cache/nuxt/.nuxt/dist/server/_nuxt/Select-DYMWMXf7.js                         184.15 kB │ map: 267.42 kB

i ✓ built in 2.87s
√ Server built in 2882ms
[nitro] i Initializing prerenderer

 WARN  "file:///C:/Users/User/Desktop/PROGETTI%20CODING/vrsus_website/node_modules/@nuxt/nitro-server/dist/runtime/utils/cache-driver.mjs" is imported by " virtual:#nitro-internal-virtual/storage", but could not be resolved – treating it as an external dependency.


 WARN  "H3Error" and "H3Event" are imported from external module "file://C:/Users/User/Desktop/PROGETTI%20CODING/vrsus_website/node_modules/h3/dist/index.mjs" but never used in "node_modules/@nuxt/nitro-server/dist/h3.mjs".

[nitro] i Prerendering 1 routes
[nitro]   ├─ /offline (116ms)
[nitro]   ├─ /offline/_payload.json (1ms)
[nitro] i Prerendered 2 routes in 3.536 seconds
[nitro] √ Generated public .output/public

PWA v1.3.0
mode      generateSW
precache  141 entries (2445.19 KiB)
files generated
  ../.output/public/sw.js
  ../.output/public/workbox-677d7057.js
[nitro] i Building Nuxt Nitro server (preset: node-server, compatibility date: 2025-07-15)
(node:19308) [DEP0155] DeprecationWarning: Use of deprecated trailing slash pattern mapping "./" in the "exports" field module resolution of the package at C:\Users\User\Desktop\PROGETTI CODING\vrsus_website\node_modules\@iconify\utils\package.json imported from C:\Users\User\Desktop\PROGETTI CODING\vrsus_website\node_modules\@nuxt\icon\dist\runtime\server\api.js. Mapping specifiers ending in "/" is no longer supported.
(Use `node --trace-deprecation ...` to show where the warning was created)
(node:19308) [DEP0155] DeprecationWarning: Use of deprecated trailing slash pattern mapping "./" in the "exports" field module resolution of the package at C:\Users\User\Desktop\PROGETTI CODING\vrsus_website\node_modules\@vue\shared\package.json imported from C:\Users\User\Desktop\PROGETTI CODING\vrsus_website\node_modules\@nuxt\nitro-server\dist\runtime\templates\error-500.mjs. Mapping specifiers ending in "/" is no longer supported.
(node:19308) [DEP0155] DeprecationWarning: Use of deprecated trailing slash pattern mapping "./" in the "exports" field module resolution of the package at C:\Users\User\Desktop\PROGETTI CODING\vrsus_website\node_modules\@vueuse\core\package.json imported from C:\Users\User\Desktop\PROGETTI CODING\vrsus_website\node_modules\.cache\nuxt\.nuxt\dist\server\_nuxt\Button-DAWIbJcp.js. Mapping specifiers ending in "/" is no longer supported.
(node:19308) [DEP0155] DeprecationWarning: Use of deprecated trailing slash pattern mapping "./" in the "exports" field module resolution of the package at C:\Users\User\Desktop\PROGETTI CODING\vrsus_website\node_modules\@vueuse\shared\package.json imported from C:\Users\User\Desktop\PROGETTI CODING\vrsus_website\node_modules\.cache\nuxt\.nuxt\dist\server\_nuxt\Select-DYMWMXf7.js. Mapping specifiers ending in "/" is no longer supported.
[nitro] √ Nuxt Nitro server built
  ├─ .output/server/chunks/_/error-500.mjs (5.05 kB) (2.07 kB gzip)
  ├─ .output/server/chunks/_/error-500.mjs.map (182 B) (154 B gzip)
  ├─ .output/server/chunks/_/icons.mjs (590 kB) (90.2 kB gzip)
  ├─ .output/server/chunks/_/icons.mjs.map (6.52 kB) (99 B gzip)
  ├─ .output/server/chunks/_/nitro.mjs (269 kB) (66.8 kB gzip)
  ├─ .output/server/chunks/_/nitro.mjs.map (4.38 kB) (1.06 kB gzip)
  ├─ .output/server/chunks/_/site-content.mjs (3.66 kB) (1.53 kB gzip)
  ├─ .output/server/chunks/_/site-content.mjs.map (1.65 kB) (388 B gzip)
  ├─ .output/server/chunks/build/_id_-BHkZYNhv.mjs (27 kB) (6.21 kB gzip)
  ├─ .output/server/chunks/build/_id_-BHkZYNhv.mjs.map (16.2 kB) (3.73 kB gzip)
  ├─ .output/server/chunks/build/_id_-BJHRTYzt.mjs (20 kB) (5.79 kB gzip)
  ├─ .output/server/chunks/build/_id_-BJHRTYzt.mjs.map (13.4 kB) (3.32 kB gzip)
  ├─ .output/server/chunks/build/_id_-CQwSUNK9.mjs (26.2 kB) (5.85 kB gzip)
  ├─ .output/server/chunks/build/_id_-CQwSUNK9.mjs.map (18.1 kB) (3.47 kB gzip)
  ├─ .output/server/chunks/build/_id_-CXOEtGQJ.mjs (16.7 kB) (4.98 kB gzip)
  ├─ .output/server/chunks/build/_id_-CXOEtGQJ.mjs.map (9.03 kB) (2.29 kB gzip)
  ├─ .output/server/chunks/build/_id_-DA8EUTJ5.mjs (15.9 kB) (4.5 kB gzip)
  ├─ .output/server/chunks/build/_id_-DA8EUTJ5.mjs.map (10.2 kB) (2.41 kB gzip)
  ├─ .output/server/chunks/build/_id_-DXg81mTI.mjs (39.4 kB) (8.9 kB gzip)
  ├─ .output/server/chunks/build/_id_-DXg81mTI.mjs.map (28 kB) (5.75 kB gzip)
  ├─ .output/server/chunks/build/_id_-G6IVCdj-.mjs (7.32 kB) (2.74 kB gzip)
  ├─ .output/server/chunks/build/_id_-G6IVCdj-.mjs.map (3.79 kB) (1.21 kB gzip)
  ├─ .output/server/chunks/build/_id_-lcrkv744.mjs (22.5 kB) (4.78 kB gzip)
  ├─ .output/server/chunks/build/_id_-lcrkv744.mjs.map (15.3 kB) (2.88 kB gzip)
  ├─ .output/server/chunks/build/_rankId_-9WCyw1Gi.mjs (24.5 kB) (6.02 kB gzip)
  ├─ .output/server/chunks/build/_rankId_-9WCyw1Gi.mjs.map (17.8 kB) (3.71 kB gzip)
  ├─ .output/server/chunks/build/_slug_-Blpq2Y69.mjs (13.5 kB) (3.26 kB gzip)
  ├─ .output/server/chunks/build/_slug_-Blpq2Y69.mjs.map (6.61 kB) (1.41 kB gzip)
  ├─ .output/server/chunks/build/_slug_-CJZuDwJG.mjs (6.42 kB) (2.32 kB gzip)
  ├─ .output/server/chunks/build/_slug_-CJZuDwJG.mjs.map (2.5 kB) (773 B gzip)
  ├─ .output/server/chunks/build/_slug_-DAxsu_VW.mjs (14.6 kB) (4.5 kB gzip)
  ├─ .output/server/chunks/build/_slug_-DAxsu_VW.mjs.map (7.88 kB) (2.22 kB gzip)
  ├─ .output/server/chunks/build/_token_-SQIovUPd.mjs (5.11 kB) (1.81 kB gzip)
  ├─ .output/server/chunks/build/_token_-SQIovUPd.mjs.map (1.56 kB) (553 B gzip)
  ├─ .output/server/chunks/build/admin-B1rwMLmK.mjs (5.17 kB) (1.87 kB gzip)
  ├─ .output/server/chunks/build/admin-B1rwMLmK.mjs.map (1.96 kB) (648 B gzip)
  ├─ .output/server/chunks/build/admin-BuoGY8rX.mjs (7.13 kB) (2.72 kB gzip)
  ├─ .output/server/chunks/build/admin-BuoGY8rX.mjs.map (3.33 kB) (1.05 kB gzip)
  ├─ .output/server/chunks/build/Alert-Dd1ICA1N.mjs (18.9 kB) (4.25 kB gzip)
  ├─ .output/server/chunks/build/Alert-Dd1ICA1N.mjs.map (581 B) (265 B gzip)
  ├─ .output/server/chunks/build/altro-DY2IAYGh.mjs (4.7 kB) (1.75 kB gzip)
  ├─ .output/server/chunks/build/altro-DY2IAYGh.mjs.map (1.14 kB) (432 B gzip)
  ├─ .output/server/chunks/build/app-CiiCVBf3.mjs (14.8 kB) (4.71 kB gzip)
  ├─ .output/server/chunks/build/app-CiiCVBf3.mjs.map (8.79 kB) (2.26 kB gzip)
  ├─ .output/server/chunks/build/app-CJ_COeNx.mjs (10.5 kB) (3.5 kB gzip)
  ├─ .output/server/chunks/build/app-CJ_COeNx.mjs.map (4.12 kB) (1.33 kB gzip)
  ├─ .output/server/chunks/build/AssetUploader-_In0ML-V.mjs (3.28 kB) (1.3 kB gzip)
  ├─ .output/server/chunks/build/AssetUploader-_In0ML-V.mjs.map (1.54 kB) (561 B gzip)
  ├─ .output/server/chunks/build/auth-CQnkkzEm.mjs (1.17 kB) (530 B gzip)
  ├─ .output/server/chunks/build/auth-CQnkkzEm.mjs.map (369 B) (239 B gzip)
  ├─ .output/server/chunks/build/Avatar-kfzuNnmW.mjs (28.5 kB) (7.18 kB gzip)
  ├─ .output/server/chunks/build/Avatar-kfzuNnmW.mjs.map (1.2 kB) (382 B gzip)
  ├─ .output/server/chunks/build/bacheca-x5Q38DQX.mjs (16.6 kB) (4.5 kB gzip)
  ├─ .output/server/chunks/build/bacheca-x5Q38DQX.mjs.map (9.54 kB) (2.15 kB gzip)
  ├─ .output/server/chunks/build/Badge-foZTxab4.mjs (11.1 kB) (2.46 kB gzip)
  ├─ .output/server/chunks/build/Badge-foZTxab4.mjs.map (283 B) (214 B gzip)
  ├─ .output/server/chunks/build/Bracket-styles.P-W5ODsA.mjs (2.35 kB) (850 B gzip)
  ├─ .output/server/chunks/build/Bracket-styles.P-W5ODsA.mjs.map (213 B) (168 B gzip)
  ├─ .output/server/chunks/build/Button-DAWIbJcp.mjs (50.1 kB) (9.3 kB gzip)
  ├─ .output/server/chunks/build/Button-DAWIbJcp.mjs.map (962 B) (346 B gzip)
  ├─ .output/server/chunks/build/Card-A6830xF5.mjs (6.18 kB) (1.6 kB gzip)
  ├─ .output/server/chunks/build/Card-A6830xF5.mjs.map (253 B) (202 B gzip)
  ├─ .output/server/chunks/build/Checkbox-DNUvxdgx.mjs (41.3 kB) (8.16 kB gzip)
  ├─ .output/server/chunks/build/Checkbox-DNUvxdgx.mjs.map (1.06 kB) (365 B gzip)
  ├─ .output/server/chunks/build/checkin-DEZfchOj.mjs (14.7 kB) (4.23 kB gzip)
  ├─ .output/server/chunks/build/checkin-DEZfchOj.mjs.map (8.3 kB) (2.06 kB gzip)
  ├─ .output/server/chunks/build/chi-siamo-B86lPlr3.mjs (4.06 kB) (1.56 kB gzip)
  ├─ .output/server/chunks/build/chi-siamo-B86lPlr3.mjs.map (1.16 kB) (423 B gzip)
  ├─ .output/server/chunks/build/components-I-IzjZPA.mjs (34.9 kB) (8.23 kB gzip)
  ├─ .output/server/chunks/build/components-I-IzjZPA.mjs.map (923 B) (338 B gzip)
  ├─ .output/server/chunks/build/confirm-oP6ncSd_.mjs (3.79 kB) (1.5 kB gzip)
  ├─ .output/server/chunks/build/confirm-oP6ncSd_.mjs.map (820 B) (363 B gzip)
  ├─ .output/server/chunks/build/error-404-D41T2t4P.mjs (5.64 kB) (2.34 kB gzip)
  ├─ .output/server/chunks/build/error-404-D41T2t4P.mjs.map (183 B) (162 B gzip)
  ├─ .output/server/chunks/build/error-404-styles.CbLQIMfl.mjs (2.88 kB) (1.07 kB gzip)
  ├─ .output/server/chunks/build/error-404-styles.CbLQIMfl.mjs.map (217 B) (168 B gzip)
  ├─ .output/server/chunks/build/error-500-styles.CB5z51D_.mjs (2.35 kB) (949 B gzip)
  ├─ .output/server/chunks/build/error-500-styles.CB5z51D_.mjs.map (217 B) (167 B gzip)
  ├─ .output/server/chunks/build/error-500-yzKr03IM.mjs (4.93 kB) (2.07 kB gzip)
  ├─ .output/server/chunks/build/error-500-yzKr03IM.mjs.map (183 B) (161 B gzip)
  ├─ .output/server/chunks/build/eventi-D-uDE5JE.mjs (7.15 kB) (2.5 kB gzip)
  ├─ .output/server/chunks/build/eventi-D-uDE5JE.mjs.map (2.95 kB) (908 B gzip)
  ├─ .output/server/chunks/build/eventi-Dkv0EUvp.mjs (13 kB) (3.74 kB gzip)
  ├─ .output/server/chunks/build/eventi-Dkv0EUvp.mjs.map (7.09 kB) (1.91 kB gzip)
  ├─ .output/server/chunks/build/eventi-Q0fJuEST.mjs (7.27 kB) (2.45 kB gzip)
  ├─ .output/server/chunks/build/eventi-Q0fJuEST.mjs.map (2.74 kB) (818 B gzip)
  ├─ .output/server/chunks/build/EventInfoForm-Cm3CNMuC.mjs (17.5 kB) (3.81 kB gzip)
  ├─ .output/server/chunks/build/EventInfoForm-Cm3CNMuC.mjs.map (11.5 kB) (2.23 kB gzip)
  ├─ .output/server/chunks/build/EventOverview-CzawS2HL.mjs (28.3 kB) (6.76 kB gzip)
  ├─ .output/server/chunks/build/EventOverview-CzawS2HL.mjs.map (18.1 kB) (4.03 kB gzip)
  ├─ .output/server/chunks/build/fetch-6qlOO5vW.mjs (9.21 kB) (3.55 kB gzip)
  ├─ .output/server/chunks/build/fetch-6qlOO5vW.mjs.map (338 B) (207 B gzip)
  ├─ .output/server/chunks/build/FormField-e0WfVW_Y.mjs (11.5 kB) (2.78 kB gzip)
  ├─ .output/server/chunks/build/FormField-e0WfVW_Y.mjs.map (326 B) (227 B gzip)
  ├─ .output/server/chunks/build/giochi-CYRK52E1.mjs (18.5 kB) (4.53 kB gzip)
  ├─ .output/server/chunks/build/giochi-CYRK52E1.mjs.map (12 kB) (2.5 kB gzip)
  ├─ .output/server/chunks/build/Icon-EERFY84t.mjs (2.75 kB) (1.14 kB gzip)
  ├─ .output/server/chunks/build/Icon-EERFY84t.mjs.map (240 B) (191 B gzip)
  ├─ .output/server/chunks/build/impostazioni-BcWkuY5O.mjs (12 kB) (3.59 kB gzip)
  ├─ .output/server/chunks/build/impostazioni-BcWkuY5O.mjs.map (6.19 kB) (1.44 kB gzip)
  ├─ .output/server/chunks/build/impostazioni-Co_BtNAe.mjs (21.8 kB) (5.25 kB gzip)
  ├─ .output/server/chunks/build/impostazioni-Co_BtNAe.mjs.map (13.3 kB) (2.88 kB gzip)
  ├─ .output/server/chunks/build/Input-DC9m6coq.mjs (17.6 kB) (3.76 kB gzip)
  ├─ .output/server/chunks/build/Input-DC9m6coq.mjs.map (292 B) (218 B gzip)
  ├─ .output/server/chunks/build/live-CBstaeuE.mjs (20.6 kB) (5.82 kB gzip)
  ├─ .output/server/chunks/build/live-CBstaeuE.mjs.map (13.3 kB) (3.24 kB gzip)
  ├─ .output/server/chunks/build/live-ecjTMUKR.mjs (10.2 kB) (3.31 kB gzip)
  ├─ .output/server/chunks/build/live-ecjTMUKR.mjs.map (4.51 kB) (1.31 kB gzip)
  ├─ .output/server/chunks/build/login-B1IO5MGy.mjs (10.5 kB) (2.73 kB gzip)
  ├─ .output/server/chunks/build/login-B1IO5MGy.mjs.map (4.87 kB) (1.15 kB gzip)
  ├─ .output/server/chunks/build/Matches-Cixw3KqW.mjs (38.1 kB) (7.76 kB gzip)
  ├─ .output/server/chunks/build/Matches-Cixw3KqW.mjs.map (24.7 kB) (5.2 kB gzip)
  ├─ .output/server/chunks/build/modifica-DSNokd1g.mjs (19.9 kB) (5.55 kB gzip)
  ├─ .output/server/chunks/build/modifica-DSNokd1g.mjs.map (12.1 kB) (3.06 kB gzip)
  ├─ .output/server/chunks/build/notifiche-DJ_tVaeP.mjs (14.7 kB) (4.04 kB gzip)
  ├─ .output/server/chunks/build/notifiche-DJ_tVaeP.mjs.map (9.29 kB) (2.48 kB gzip)
  ├─ .output/server/chunks/build/nuovo-BG0Tnrzq.mjs (20.4 kB) (4.74 kB gzip)
  ├─ .output/server/chunks/build/nuovo-BG0Tnrzq.mjs.map (15.1 kB) (3.01 kB gzip)
  ├─ .output/server/chunks/build/nuovo-CmR6dOWY.mjs (6.43 kB) (2.44 kB gzip)
  ├─ .output/server/chunks/build/nuovo-CmR6dOWY.mjs.map (2.55 kB) (874 B gzip)
  ├─ .output/server/chunks/build/nuxt-link-Q8-BP6tu.mjs (9.26 kB) (2.79 kB gzip)
  ├─ .output/server/chunks/build/nuxt-link-Q8-BP6tu.mjs.map (173 B) (154 B gzip)
  ├─ .output/server/chunks/build/NuxtImg-B6DMQLOD.mjs (16.2 kB) (4.97 kB gzip)
  ├─ .output/server/chunks/build/NuxtImg-B6DMQLOD.mjs.map (823 B) (333 B gzip)
  ├─ .output/server/chunks/build/offline-JeM4O_M5.mjs (3.15 kB) (1.39 kB gzip)
  ├─ .output/server/chunks/build/offline-JeM4O_M5.mjs.map (568 B) (284 B gzip)
  ├─ .output/server/chunks/build/pages-CTXVUcm8.mjs (14.1 kB) (3.6 kB gzip)
  ├─ .output/server/chunks/build/pages-CTXVUcm8.mjs.map (6.17 kB) (1.42 kB gzip)
  ├─ .output/server/chunks/build/piattaforme-CvgVb8lS.mjs (15.6 kB) (4.06 kB gzip)
  ├─ .output/server/chunks/build/piattaforme-CvgVb8lS.mjs.map (9.19 kB) (2.08 kB gzip)
  ├─ .output/server/chunks/build/postazioni-B-lW-Na1.mjs (7.79 kB) (2.5 kB gzip)
  ├─ .output/server/chunks/build/postazioni-B-lW-Na1.mjs.map (3.06 kB) (888 B gzip)
  ├─ .output/server/chunks/build/prenota-k5TPj-bp.mjs (16.3 kB) (4.8 kB gzip)
  ├─ .output/server/chunks/build/prenota-k5TPj-bp.mjs.map (9.44 kB) (2.32 kB gzip)
  ├─ .output/server/chunks/build/ranking-D8uC-0ys.mjs (13 kB) (3.84 kB gzip)
  ├─ .output/server/chunks/build/ranking-D8uC-0ys.mjs.map (8.8 kB) (2.2 kB gzip)
  ├─ .output/server/chunks/build/ranking-DNPBXew4.mjs (14.3 kB) (3.27 kB gzip)
  ├─ .output/server/chunks/build/ranking-DNPBXew4.mjs.map (7.88 kB) (1.46 kB gzip)
  ├─ .output/server/chunks/build/registrati-C5s_iHXU.mjs (35.7 kB) (6.31 kB gzip)
  ├─ .output/server/chunks/build/registrati-C5s_iHXU.mjs.map (20.9 kB) (3.8 kB gzip)
  ├─ .output/server/chunks/build/regolamento-DQFx7ZN7.mjs (3.16 kB) (1.39 kB gzip)
  ├─ .output/server/chunks/build/regolamento-DQFx7ZN7.mjs.map (464 B) (254 B gzip)
  ├─ .output/server/chunks/build/richieste-JR4Bm9vc.mjs (14.4 kB) (3.68 kB gzip)
  ├─ .output/server/chunks/build/richieste-JR4Bm9vc.mjs.map (8.03 kB) (1.93 kB gzip)
  ├─ .output/server/chunks/build/role-Dfpfgy2t.mjs (1.54 kB) (686 B gzip)
  ├─ .output/server/chunks/build/role-Dfpfgy2t.mjs.map (740 B) (355 B gzip)
  ├─ .output/server/chunks/build/SectionHeading-BOHf8f4N.mjs (1.69 kB) (749 B gzip)
  ├─ .output/server/chunks/build/SectionHeading-BOHf8f4N.mjs.map (444 B) (234 B gzip)
  ├─ .output/server/chunks/build/Select-DYMWMXf7.mjs (184 kB) (29.4 kB gzip)
  ├─ .output/server/chunks/build/Select-DYMWMXf7.mjs.map (3.33 kB) (715 B gzip)
  ├─ .output/server/chunks/build/servizi-C4oYOs9S.mjs (22.3 kB) (4.51 kB gzip)
  ├─ .output/server/chunks/build/servizi-C4oYOs9S.mjs.map (13.4 kB) (2.58 kB gzip)
  ├─ .output/server/chunks/build/servizi-DkIZAUAa.mjs (6.04 kB) (2.18 kB gzip)
  ├─ .output/server/chunks/build/servizi-DkIZAUAa.mjs.map (1.86 kB) (649 B gzip)
  ├─ .output/server/chunks/build/site-BtbVc-MP.mjs (7.49 kB) (2.43 kB gzip)
  ├─ .output/server/chunks/build/site-BtbVc-MP.mjs.map (2.74 kB) (737 B gzip)
  ├─ .output/server/chunks/build/slugify-DAiRO8_2.mjs (515 B) (380 B gzip)
  ├─ .output/server/chunks/build/slugify-DAiRO8_2.mjs.map (331 B) (220 B gzip)
  ├─ .output/server/chunks/build/Textarea-PJqaCqHX.mjs (18.6 kB) (4.03 kB gzip)
  ├─ .output/server/chunks/build/Textarea-PJqaCqHX.mjs.map (301 B) (223 B gzip)
  ├─ .output/server/chunks/build/tornei-0KtePWFI.mjs (20.2 kB) (5.12 kB gzip)
  ├─ .output/server/chunks/build/tornei-0KtePWFI.mjs.map (14.9 kB) (3.31 kB gzip)
  ├─ .output/server/chunks/build/tornei-CdmawUir.mjs (26.5 kB) (5.75 kB gzip)
  ├─ .output/server/chunks/build/tornei-CdmawUir.mjs.map (20 kB) (3.81 kB gzip)
  ├─ .output/server/chunks/build/TournamentRulesFields-9Zy4m1TA.mjs (26.5 kB) (5.27 kB gzip)
  ├─ .output/server/chunks/build/TournamentRulesFields-9Zy4m1TA.mjs.map (21.3 kB) (3.57 kB gzip)
  ├─ .output/server/chunks/build/useAdminLiveEvent-BAL7PsiL.mjs (915 B) (554 B gzip)
  ├─ .output/server/chunks/build/useAdminLiveEvent-BAL7PsiL.mjs.map (414 B) (262 B gzip)
  ├─ .output/server/chunks/build/useAdminMenu-DyjzyZ5Z.mjs (1.78 kB) (743 B gzip)
  ├─ .output/server/chunks/build/useAdminMenu-DyjzyZ5Z.mjs.map (1.54 kB) (488 B gzip)
  ├─ .output/server/chunks/build/useBookings-DSQaI0F_.mjs (2.48 kB) (811 B gzip)
  ├─ .output/server/chunks/build/useBookings-DSQaI0F_.mjs.map (2.19 kB) (615 B gzip)
  ├─ .output/server/chunks/build/useForwardExpose-lTVrimVg.mjs (1.83 kB) (677 B gzip)
  ├─ .output/server/chunks/build/useForwardExpose-lTVrimVg.mjs.map (182 B) (155 B gzip)
  ├─ .output/server/chunks/build/usePageActions-ce69fQjo.mjs (925 B) (472 B gzip)
  ├─ .output/server/chunks/build/usePageActions-ce69fQjo.mjs.map (871 B) (416 B gzip)
  ├─ .output/server/chunks/build/usePublicCatalog-DlnapNi1.mjs (2.34 kB) (847 B gzip)
  ├─ .output/server/chunks/build/usePublicCatalog-DlnapNi1.mjs.map (2.26 kB) (711 B gzip)
  ├─ .output/server/chunks/build/usePublicEvents-D_Ng8Zt8.mjs (2.36 kB) (906 B gzip)
  ├─ .output/server/chunks/build/usePublicEvents-D_Ng8Zt8.mjs.map (2.16 kB) (722 B gzip)
  ├─ .output/server/chunks/build/useShellPageTitle-BNI62qay.mjs (14.7 kB) (3.6 kB gzip)
  ├─ .output/server/chunks/build/useShellPageTitle-BNI62qay.mjs.map (7.41 kB) (1.7 kB gzip)
  ├─ .output/server/chunks/build/useSupabaseClient-DzUCflBm.mjs (309 B) (221 B gzip)
  ├─ .output/server/chunks/build/useSupabaseClient-DzUCflBm.mjs.map (206 B) (170 B gzip)
  ├─ .output/server/chunks/build/useTournaments-BDjRYSn3.mjs (3.71 kB) (1.4 kB gzip)
  ├─ .output/server/chunks/build/useTournaments-BDjRYSn3.mjs.map (2.59 kB) (783 B gzip)
  ├─ .output/server/chunks/build/useTournamentView-DhugVEX5.mjs (5.23 kB) (1.63 kB gzip)
  ├─ .output/server/chunks/build/useTournamentView-DhugVEX5.mjs.map (5.38 kB) (1.41 kB gzip)
  ├─ .output/server/chunks/build/useVrsusAuth-B4ukFxpz.mjs (1.83 kB) (707 B gzip)
  ├─ .output/server/chunks/build/useVrsusAuth-B4ukFxpz.mjs.map (1.98 kB) (660 B gzip)
  ├─ .output/server/chunks/build/utenti-Dg_7t5GN.mjs (9.64 kB) (2.84 kB gzip)
  ├─ .output/server/chunks/build/utenti-Dg_7t5GN.mjs.map (4.67 kB) (1.17 kB gzip)
  ├─ .output/server/chunks/build/VisuallyHidden-DwqekHr9.mjs (13.3 kB) (4.21 kB gzip)
  ├─ .output/server/chunks/build/VisuallyHidden-DwqekHr9.mjs.map (862 B) (285 B gzip)
  ├─ .output/server/chunks/build/VrsusBottomSheet-Bv9zSbXG.mjs (3.62 kB) (1.51 kB gzip)
  ├─ .output/server/chunks/build/VrsusBottomSheet-Bv9zSbXG.mjs.map (876 B) (392 B gzip)
  ├─ .output/server/chunks/build/VrsusBottomSheet-styles.Cna1nNWS.mjs (808 B) (346 B gzip)
  ├─ .output/server/chunks/build/VrsusBottomSheet-styles.Cna1nNWS.mjs.map (231 B) (172 B gzip)
  ├─ .output/server/chunks/build/VrsusConfirmDialog-D7nk9QSP.mjs (3.18 kB) (1.31 kB gzip)
  ├─ .output/server/chunks/build/VrsusConfirmDialog-D7nk9QSP.mjs.map (960 B) (406 B gzip)
  ├─ .output/server/chunks/build/VrsusFloatMenu-styles.Coum2MXZ.mjs (600 B) (330 B gzip)
  ├─ .output/server/chunks/build/VrsusFloatMenu-styles.Coum2MXZ.mjs.map (227 B) (171 B gzip)
  ├─ .output/server/chunks/build/VrsusLiveDot-UnlGjkw6.mjs (1.38 kB) (638 B gzip)
  ├─ .output/server/chunks/build/VrsusLiveDot-UnlGjkw6.mjs.map (340 B) (228 B gzip)
  ├─ .output/server/chunks/build/VrsusSessionCard-Cu_mFPSE.mjs (2.59 kB) (1.06 kB gzip)
  ├─ .output/server/chunks/build/VrsusSessionCard-Cu_mFPSE.mjs.map (1.08 kB) (437 B gzip)
  ├─ .output/server/chunks/build/VrsusTabs-CxZL1KpX.mjs (2.56 kB) (1.14 kB gzip)
  ├─ .output/server/chunks/build/VrsusTabs-CxZL1KpX.mjs.map (906 B) (357 B gzip)
  ├─ .output/server/chunks/build/VrsusWorkspaceSwitch-DPF8R_Y3.mjs (3.83 kB) (1.33 kB gzip)
  ├─ .output/server/chunks/build/VrsusWorkspaceSwitch-DPF8R_Y3.mjs.map (1.67 kB) (586 B gzip)
  ├─ .output/server/chunks/routes/api/admin/board/_id_.patch.mjs (1.73 kB) (769 B gzip)
  ├─ .output/server/chunks/routes/api/admin/board/_id_.patch.mjs.map (1.48 kB) (566 B gzip)
  ├─ .output/server/chunks/routes/api/admin/board/feedback/_id_.patch.mjs (1.6 kB) (712 B gzip)
  ├─ .output/server/chunks/routes/api/admin/board/feedback/_id_.patch.mjs.map (1.37 kB) (525 B gzip)
  ├─ .output/server/chunks/routes/api/admin/dashboard.get.mjs (1.78 kB) (753 B gzip)
  ├─ .output/server/chunks/routes/api/admin/dashboard.get.mjs.map (1.44 kB) (564 B gzip)
  ├─ .output/server/chunks/routes/api/admin/events/_id_.delete.mjs (1.93 kB) (711 B gzip)
  ├─ .output/server/chunks/routes/api/admin/events/_id_.delete.mjs.map (1.76 kB) (583 B gzip)
  ├─ .output/server/chunks/routes/api/admin/events/_id_.patch.mjs (1.36 kB) (621 B gzip)
  ├─ .output/server/chunks/routes/api/admin/events/_id_.patch.mjs.map (1 kB) (437 B gzip)
  ├─ .output/server/chunks/routes/api/admin/events/_id/configuration.get.mjs (2.23 kB) (822 B gzip)
  ├─ .output/server/chunks/routes/api/admin/events/_id/configuration.get.mjs.map (2.06 kB) (702 B gzip)
  ├─ .output/server/chunks/routes/api/admin/events/_id/configuration.put.mjs (5.99 kB) (1.6 kB gzip)
  ├─ .output/server/chunks/routes/api/admin/events/_id/configuration.put.mjs.map (5.95 kB) (1.44 kB gzip)
  ├─ .output/server/chunks/routes/api/admin/events/_id/overview.get.mjs (1.69 kB) (770 B gzip)
  ├─ .output/server/chunks/routes/api/admin/events/_id/overview.get.mjs.map (1.33 kB) (562 B gzip)
  ├─ .output/server/chunks/routes/api/admin/events/_id/platforms.get.mjs (1.82 kB) (726 B gzip)
  ├─ .output/server/chunks/routes/api/admin/events/_id/platforms.get.mjs.map (1.54 kB) (569 B gzip)
  ├─ .output/server/chunks/routes/api/admin/events/_id/start.post.mjs (2.63 kB) (1.02 kB gzip)
  ├─ .output/server/chunks/routes/api/admin/events/_id/start.post.mjs.map (2.45 kB) (794 B gzip)
  ├─ .output/server/chunks/routes/api/admin/index.get.mjs (1.99 kB) (807 B gzip)
  ├─ .output/server/chunks/routes/api/admin/index.get.mjs.map (1.94 kB) (692 B gzip)
  ├─ .output/server/chunks/routes/api/admin/index.post.mjs (3.14 kB) (1.2 kB gzip)
  ├─ .output/server/chunks/routes/api/admin/index.post.mjs.map (3.19 kB) (929 B gzip)
  ├─ .output/server/chunks/routes/api/admin/index2.get.mjs (929 B) (468 B gzip)
  ├─ .output/server/chunks/routes/api/admin/index2.get.mjs.map (608 B) (326 B gzip)
  ├─ .output/server/chunks/routes/api/admin/index2.post.mjs (1.35 kB) (624 B gzip)
  ├─ .output/server/chunks/routes/api/admin/index2.post.mjs.map (1.1 kB) (461 B gzip)
  ├─ .output/server/chunks/routes/api/admin/index3.get.mjs (1.65 kB) (695 B gzip)
  ├─ .output/server/chunks/routes/api/admin/index3.get.mjs.map (1.51 kB) (585 B gzip)
  ├─ .output/server/chunks/routes/api/admin/index3.post.mjs (1.38 kB) (636 B gzip)
  ├─ .output/server/chunks/routes/api/admin/index3.post.mjs.map (1.1 kB) (470 B gzip)
  ├─ .output/server/chunks/routes/api/admin/live-state.get.mjs (1.19 kB) (554 B gzip)
  ├─ .output/server/chunks/routes/api/admin/live-state.get.mjs.map (1 kB) (399 B gzip)
  ├─ .output/server/chunks/routes/api/admin/live.get.mjs (3.08 kB) (1.05 kB gzip)
  ├─ .output/server/chunks/routes/api/admin/live.get.mjs.map (2.79 kB) (844 B gzip)
  ├─ .output/server/chunks/routes/api/admin/platforms/_id_.get.mjs (1.54 kB) (665 B gzip)
  ├─ .output/server/chunks/routes/api/admin/platforms/_id_.get.mjs.map (1.3 kB) (525 B gzip)
  ├─ .output/server/chunks/routes/api/admin/platforms/_id_.patch.mjs (1.4 kB) (637 B gzip)
  ├─ .output/server/chunks/routes/api/admin/platforms/_id_.patch.mjs.map (1.02 kB) (455 B gzip)
  ├─ .output/server/chunks/routes/api/admin/ranking-users.get.mjs (964 B) (476 B gzip)
  ├─ .output/server/chunks/routes/api/admin/ranking-users.get.mjs.map (604 B) (321 B gzip)
  ├─ .output/server/chunks/routes/api/admin/rankings/_id_.get.mjs (2.5 kB) (1.01 kB gzip)
  ├─ .output/server/chunks/routes/api/admin/rankings/_id_.get.mjs.map (2.42 kB) (818 B gzip)
  ├─ .output/server/chunks/routes/api/admin/rankings/_id/scores.post.mjs (2.2 kB) (912 B gzip)
  ├─ .output/server/chunks/routes/api/admin/rankings/_id/scores.post.mjs.map (2.11 kB) (704 B gzip)
  ├─ .output/server/chunks/routes/api/admin/rankings/_id/scores/_scoreId_.delete.mjs (1.32 kB) (578 B gzip)
  ├─ .output/server/chunks/routes/api/admin/rankings/_id/scores/_scoreId_.delete.mjs.map (1 kB) (440 B gzip)
  ├─ .output/server/chunks/routes/api/admin/roles.post.mjs (1.3 kB) (587 B gzip)
  ├─ .output/server/chunks/routes/api/admin/roles.post.mjs.map (1.05 kB) (416 B gzip)
  ├─ .output/server/chunks/routes/api/admin/service-inquiries.get.mjs (1.76 kB) (704 B gzip)
  ├─ .output/server/chunks/routes/api/admin/service-inquiries.get.mjs.map (1.57 kB) (593 B gzip)
  ├─ .output/server/chunks/routes/api/admin/service-inquiries/_id_.patch.mjs (1.69 kB) (732 B gzip)
  ├─ .output/server/chunks/routes/api/admin/service-inquiries/_id_.patch.mjs.map (1.44 kB) (527 B gzip)
  ├─ .output/server/chunks/routes/api/admin/summary.get.mjs (3.14 kB) (1.2 kB gzip)
  ├─ .output/server/chunks/routes/api/admin/summary.get.mjs.map (3.28 kB) (919 B gzip)
  ├─ .output/server/chunks/routes/api/admin/tournaments/_id_.get.mjs (1 kB) (473 B gzip)
  ├─ .output/server/chunks/routes/api/admin/tournaments/_id_.get.mjs.map (607 B) (312 B gzip)
  ├─ .output/server/chunks/routes/api/admin/tournaments/_id/candidates.get.mjs (2.21 kB) (886 B gzip)
  ├─ .output/server/chunks/routes/api/admin/tournaments/_id/candidates.get.mjs.map (1.99 kB) (700 B gzip)
  ├─ .output/server/chunks/routes/api/admin/tournaments/_id/entries.post.mjs (3.44 kB) (1.16 kB gzip)
  ├─ .output/server/chunks/routes/api/admin/tournaments/_id/entries.post.mjs.map (3.23 kB) (940 B gzip)
  ├─ .output/server/chunks/routes/api/admin/tournaments/_id/entries/_entryId_.delete.mjs (2.06 kB) (752 B gzip)
  ├─ .output/server/chunks/routes/api/admin/tournaments/_id/entries/_entryId_.delete.mjs.map (1.72 kB) (609 B gzip)
  ├─ .output/server/chunks/routes/api/admin/tournaments/_id/entries/_entryId/members.post.mjs (3.15 kB) (1.03 kB gzip)
  ├─ .output/server/chunks/routes/api/admin/tournaments/_id/entries/_entryId/members.post.mjs.map (2.91 kB) (858 B gzip)
  ├─ .output/server/chunks/routes/api/admin/users.get.mjs (1.77 kB) (749 B gzip)
  ├─ .output/server/chunks/routes/api/admin/users.get.mjs.map (1.56 kB) (600 B gzip)
  ├─ .output/server/chunks/routes/api/admin/users/_id_.get.mjs (13 kB) (3.42 kB gzip)
  ├─ .output/server/chunks/routes/api/admin/users/_id_.get.mjs.map (13.9 kB) (2.93 kB gzip)
  ├─ .output/server/chunks/routes/api/notifications/dispatch.post.mjs (2.13 kB) (830 B gzip)
  ├─ .output/server/chunks/routes/api/notifications/dispatch.post.mjs.map (1.63 kB) (610 B gzip)
  ├─ .output/server/chunks/routes/api/services/inquiries.post.mjs (3.38 kB) (1.16 kB gzip)
  ├─ .output/server/chunks/routes/api/services/inquiries.post.mjs.map (3.31 kB) (854 B gzip)
  ├─ .output/server/chunks/routes/renderer.mjs (15.9 kB) (5.55 kB gzip)
  ├─ .output/server/chunks/routes/renderer.mjs.map (967 B) (291 B gzip)
  ├─ .output/server/chunks/routes/robots.txt.mjs (1.01 kB) (478 B gzip)
  ├─ .output/server/chunks/routes/robots.txt.mjs.map (675 B) (320 B gzip)
  ├─ .output/server/chunks/routes/sitemap.xml.mjs (2.08 kB) (895 B gzip)
  ├─ .output/server/chunks/routes/sitemap.xml.mjs.map (2.03 kB) (663 B gzip)
  ├─ .output/server/chunks/virtual/_virtual_spa-template.mjs (94 B) (100 B gzip)
  ├─ .output/server/chunks/virtual/_virtual_spa-template.mjs.map (88 B) (97 B gzip)
  ├─ .output/server/chunks/virtual/entry.mjs (103 kB) (25.6 kB gzip)
  ├─ .output/server/chunks/virtual/entry.mjs.map (8.9 kB) (3.4 kB gzip)
  ├─ .output/server/chunks/virtual/precomputed.mjs (83.2 kB) (7.42 kB gzip)
  ├─ .output/server/chunks/virtual/precomputed.mjs.map (181 B) (150 B gzip)
  ├─ .output/server/chunks/virtual/styles.mjs (768 B) (326 B gzip)
  ├─ .output/server/chunks/virtual/styles.mjs.map (164 B) (142 B gzip)
  ├─ .output/server/index.mjs (1.78 kB) (773 B gzip)
  └─ .output/server/package.json (1.9 kB) (696 B gzip)
Σ Total size: 30.2 MB (11.1 MB gzip)
[@nuxt/image] i sharp binaries have been included in your build for win32-x64. Make sure you deploy to the same architecture.
[nitro] √ You can preview this build using node .output/server/index.mjs
|
—  ✨ Build complete!
